// Jest Snapshot v1, https://goo.gl/fbAQLP

exports[`AppNavigator Snapshot 1`] = `null`;

exports[`AppNavigator Snapshot Testing 1`] = `null`;
